mmc0 is current device
gpio: pin 54 (gpio 54) value is 1
Checking for: /uEnv.txt ...
Checking for: /boot/uEnv.txt ...
gpio: pin 55 (gpio 55) value is 1
1713 bytes read in 3 ms (557.6 KiB/s)
Loaded environment from /boot/uEnv.txt
Checking if uname_r is set in /boot/uEnv.txt...
gpio: pin 56 (gpio 56) value is 1
Running uname_boot ...
loading /boot/vmlinuz-5.10.168-ti-r72 ...
11358720 bytes read in 717 ms (15.1 MiB/s)
debug: [enable_uboot_overlays=1] ...
debug: [enable_uboot_cape_universal=1] ...
debug: [uboot_base_dtb_univ=am335x-boneblack-uboot-univ.dtb] ...
uboot_overlays: [uboot_base_dtb=am335x-boneblack-uboot-univ.dtb] ...
uboot_overlays: Switching too: dtb=am335x-boneblack-uboot-univ.dtb ...
loading /boot/dtbs/5.10.168-ti-r72/am335x-boneblack-uboot-univ.dtb ...
210757 bytes read in 18 ms (11.2 MiB/s)
Found 0 extension board(s).
uboot_overlays: [fdt_buffer=0x60000] ...
uboot_overlays: loading /boot/dtbs/5.10.168-ti-r72/overlays/BB-ADC-00A0.dtbo ...
645 bytes read in 5 ms (126 KiB/s)
uboot_overlays: loading /boot/dtbs/5.10.168-ti-r72/overlays/BB-BONE-eMMC1-01-00A0.dtbo ...
1605 bytes read in 5 ms (313.5 KiB/s)
uboot_overlays: loading /boot/dtbs/5.10.168-ti-r72/overlays/BB-HDMI-TDA998x-00A0.dtbo ...
5321 bytes read in 5 ms (1 MiB/s)
loading /boot/initrd.img-5.10.168-ti-r72 ...
7693244 bytes read in 492 ms (14.9 MiB/s)
debug: [console=ttyS0,115200n8 bone_capemgr.uboot_capemgr_enabled=1 root=/dev/mmcblk0p1 ro rootfstype=ext4 rootwait coherent_pool=1M net.ifnames=0 lpj=1990656 rng_core.default_quality=100 quiet] ...
debug: [bootz 0x82000000 0x88080000:7563bc 88000000] ...
Kernel image @ 0x82000000 [ 0x000000 - 0xad5200 ]
## Flattened Device Tree blob at 88000000
   Booting using the fdt blob at 0x88000000
   Loading Ramdisk to 8f8a9000, end 8ffff3bc ... OK
   Loading Device Tree to 8f811000, end 8f8a8fff ... OK

Starting kernel ...

[    0.152181] l3-aon-clkctrl:0000:0: failed to disable
[    8.305789] debugfs: Directory '49000000.dma' with parent 'dmaengine' already present!
[    8.338380] gpio-of-helper ocp:cape-universal: Failed to get gpio property of 'P8_03'
[    8.338408] gpio-of-helper ocp:cape-universal: Failed to create gpio entry
[    8.703730] mdio_bus 4a101000.mdio: mii_bus 4a101000.mdio couldn't get reset GPIO
[    8.900930] omap_voltage_late_init: Voltage driver support not added

Debian GNU/Linux 11 BeagleBone ttyS0

BeagleBoard.org Debian Bullseye IoT Image 2023-10-07
Support: https://bbb.io/debian
default username:password is [debian:temppwd]

BeagleBone login: [   51.573067]